------------------------------------------------------------
Timing Analyzer Summary
------------------------------------------------------------

Type  : Slow 1200mV 85C Model Setup 'LSEN_CTRL:lsen|CLK_400K'
Slack : -3.689
TNS   : -755.538

Type  : Slow 1200mV 85C Model Setup 'MAX10_CLK1_50'
Slack : -3.687
TNS   : -86.231

Type  : Slow 1200mV 85C Model Hold 'LSEN_CTRL:lsen|CLK_400K'
Slack : 0.300
TNS   : 0.000

Type  : Slow 1200mV 85C Model Hold 'MAX10_CLK1_50'
Slack : 0.547
TNS   : 0.000

Type  : Slow 1200mV 85C Model Minimum Pulse Width 'MAX10_CLK1_50'
Slack : -3.000
TNS   : -43.326

Type  : Slow 1200mV 85C Model Minimum Pulse Width 'LSEN_CTRL:lsen|CLK_400K'
Slack : -1.222
TNS   : -349.492

Type  : Slow 1200mV 0C Model Setup 'LSEN_CTRL:lsen|CLK_400K'
Slack : -3.278
TNS   : -665.189

Type  : Slow 1200mV 0C Model Setup 'MAX10_CLK1_50'
Slack : -3.229
TNS   : -74.989

Type  : Slow 1200mV 0C Model Hold 'LSEN_CTRL:lsen|CLK_400K'
Slack : 0.281
TNS   : 0.000

Type  : Slow 1200mV 0C Model Hold 'MAX10_CLK1_50'
Slack : 0.503
TNS   : 0.000

Type  : Slow 1200mV 0C Model Minimum Pulse Width 'MAX10_CLK1_50'
Slack : -3.000
TNS   : -43.326

Type  : Slow 1200mV 0C Model Minimum Pulse Width 'LSEN_CTRL:lsen|CLK_400K'
Slack : -1.222
TNS   : -349.492

Type  : Fast 1200mV 0C Model Setup 'MAX10_CLK1_50'
Slack : -1.331
TNS   : -24.291

Type  : Fast 1200mV 0C Model Setup 'LSEN_CTRL:lsen|CLK_400K'
Slack : -1.258
TNS   : -215.236

Type  : Fast 1200mV 0C Model Hold 'LSEN_CTRL:lsen|CLK_400K'
Slack : 0.113
TNS   : 0.000

Type  : Fast 1200mV 0C Model Hold 'MAX10_CLK1_50'
Slack : 0.246
TNS   : 0.000

Type  : Fast 1200mV 0C Model Minimum Pulse Width 'MAX10_CLK1_50'
Slack : -3.000
TNS   : -36.776

Type  : Fast 1200mV 0C Model Minimum Pulse Width 'LSEN_CTRL:lsen|CLK_400K'
Slack : -1.000
TNS   : -286.000

------------------------------------------------------------
